binary:  /home/yukoek/duckdb-bench41
zthreads: 12   protocol: 7 runs, mean of last 3

>>> 1M rows
    1M                     fpga      4.5 ms   cpu     14.0 ms    3.12x   p1     2.4  p2     2.1   flags ok
>>> 3M rows
    3M                     fpga      6.9 ms   cpu     16.0 ms    2.33x   p1     4.0  p2     2.9   flags ok
>>> 6M rows
    6M                     fpga      9.7 ms   cpu     20.0 ms    2.07x   p1     5.7  p2     4.0   flags ok
>>> 10M rows
    10M                    fpga     14.9 ms   cpu     28.0 ms    1.88x   p1     9.0  p2     5.9   flags ok
>>> 20M rows
    20M                    fpga     22.2 ms   cpu     43.7 ms    1.97x   p1    13.2  p2     8.9   flags ok
>>> 40M rows
    40M                    fpga     38.9 ms   cpu     75.3 ms    1.93x   p1    22.9  p2    16.0   flags ok
>>> 60M rows
    60M                    fpga     55.6 ms   cpu    109.0 ms    1.96x   p1    32.4  p2    23.2   flags ok
>>> 80M rows
    80M                    fpga     72.5 ms   cpu    142.0 ms    1.96x   p1    42.5  p2    30.1   flags ok
>>> 100M rows
    100M                   fpga     92.0 ms   cpu    168.3 ms    1.83x   p1    54.5  p2    37.6   flags ok

wrote size_sweep.csv
